src/app/[locale]/dashboard/book/page.tsx(47,9): error TS2322: Type 'string | null' is not assignable to type 'string'.
  Type 'null' is not assignable to type 'string'.
src/app/[locale]/dashboard/bookings/[id]/invoice/page.tsx(19,32): error TS2339: Property 'created_at' does not exist on type 'string'.
src/app/[locale]/dashboard/bookings/[id]/invoice/page.tsx(19,69): error TS2339: Property 'created_at' does not exist on type 'string'.
src/app/[locale]/dashboard/bookings/[id]/invoice/page.tsx(38,69): error TS2339: Property 'name' does not exist on type 'SelectQueryError<"Could not embed because more than one relationship was found for 'profiles' and 'bookings' you need to hint the column with profiles!<columnName> ?">'.
src/app/[locale]/dashboard/bookings/[id]/invoice/page.tsx(39,70): error TS2339: Property 'address' does not exist on type 'SelectQueryError<"Could not embed because more than one relationship was found for 'profiles' and 'bookings' you need to hint the column with profiles!<columnName> ?">'.
src/app/[locale]/dashboard/bookings/[id]/invoice/page.tsx(43,69): error TS2339: Property 'name' does not exist on type 'SelectQueryError<"Could not embed because more than one relationship was found for 'profiles' and 'bookings' you need to hint the column with profiles!<columnName> ?">'.
src/app/[locale]/dashboard/bookings/[id]/invoice/page.tsx(64,21): error TS2339: Property 'tip_amount' does not exist on type 'string'.
src/app/[locale]/dashboard/bookings/[id]/invoice/page.tsx(67,77): error TS18048: 'payment' is possibly 'undefined'.
src/app/[locale]/dashboard/bookings/[id]/invoice/page.tsx(67,85): error TS2339: Property 'tip_amount' does not exist on type 'string'.
src/app/[locale]/dashboard/bookings/[id]/invoice/page.tsx(85,64): error TS2339: Property 'tip_amount' does not exist on type 'string'.
src/app/[locale]/dashboard/bookings/[id]/invoice/page.tsx(87,83): error TS2339: Property 'method' does not exist on type 'string'.
src/app/[locale]/dashboard/bookings/[id]/page.tsx(48,94): error TS18047: 'booking.status' is possibly 'null'.
src/app/[locale]/dashboard/bookings/[id]/page.tsx(79,43): error TS2339: Property 'name' does not exist on type 'SelectQueryError<"Could not embed because more than one relationship was found for 'profiles' and 'bookings' you need to hint the column with profiles!<columnName> ?">'.
src/app/[locale]/dashboard/bookings/[id]/page.tsx(87,13): error TS2322: Type 'string | null' is not assignable to type 'string'.
  Type 'null' is not assignable to type 'string'.
src/app/[locale]/dashboard/bookings/[id]/page.tsx(131,57): error TS2339: Property 'name' does not exist on type 'SelectQueryError<"Could not embed because more than one relationship was found for 'profiles' and 'bookings' you need to hint the column with profiles!<columnName> ?">'.
src/app/[locale]/dashboard/bookings/[id]/page.tsx(143,19): error TS2322: Type 'number | null' is not assignable to type 'number | undefined'.
  Type 'null' is not assignable to type 'number | undefined'.
src/app/[locale]/dashboard/bookings/[id]/page.tsx(144,19): error TS2322: Type 'number | null' is not assignable to type 'number | undefined'.
  Type 'null' is not assignable to type 'number | undefined'.
src/app/[locale]/dashboard/bookings/page.tsx(23,44): error TS2322: Type 'string' is not assignable to type '"pending" | "confirmed" | "in_progress" | "completed" | "cancelled" | "accepted" | null | undefined'.
src/app/[locale]/dashboard/bookings/page.tsx(65,82): error TS2345: Argument of type 'string | undefined' is not assignable to parameter of type 'string'.
  Type 'undefined' is not assignable to type 'string'.
src/app/[locale]/dashboard/bookings/page.tsx(68,82): error TS2345: Argument of type 'string | undefined' is not assignable to parameter of type 'string'.
  Type 'undefined' is not assignable to type 'string'.
src/app/[locale]/dashboard/community/[id]/page.tsx(45,43): error TS2769: No overload matches this call.
  Overload 1 of 4, '(value: string | number | Date): Date', gave the following error.
    Argument of type 'string | null' is not assignable to parameter of type 'string | number | Date'.
      Type 'null' is not assignable to type 'string | number | Date'.
  Overload 2 of 4, '(value: string | number): Date', gave the following error.
    Argument of type 'string | null' is not assignable to parameter of type 'string | number'.
      Type 'null' is not assignable to type 'string | number'.
src/app/[locale]/dashboard/community/[id]/page.tsx(53,27): error TS2339: Property 'avatar_url' does not exist on type 'SelectQueryError<"column 'avatar_url' does not exist on 'author_id'.">'.
src/app/[locale]/dashboard/community/[id]/page.tsx(55,37): error TS2339: Property 'avatar_url' does not exist on type 'SelectQueryError<"column 'avatar_url' does not exist on 'author_id'.">'.
src/app/[locale]/dashboard/community/[id]/page.tsx(57,28): error TS2339: Property 'name' does not exist on type 'SelectQueryError<"column 'avatar_url' does not exist on 'author_id'.">'.
src/app/[locale]/dashboard/community/[id]/page.tsx(60,63): error TS2339: Property 'name' does not exist on type 'SelectQueryError<"column 'avatar_url' does not exist on 'author_id'.">'.
src/app/[locale]/dashboard/community/[id]/page.tsx(77,38): error TS2339: Property 'avatar_url' does not exist on type 'SelectQueryError<"column 'avatar_url' does not exist on 'author_id'.">'.
src/app/[locale]/dashboard/community/[id]/page.tsx(79,48): error TS2339: Property 'avatar_url' does not exist on type 'SelectQueryError<"column 'avatar_url' does not exist on 'author_id'.">'.
src/app/[locale]/dashboard/community/[id]/page.tsx(81,39): error TS2339: Property 'name' does not exist on type 'SelectQueryError<"column 'avatar_url' does not exist on 'author_id'.">'.
src/app/[locale]/dashboard/community/[id]/page.tsx(84,74): error TS2339: Property 'name' does not exist on type 'SelectQueryError<"column 'avatar_url' does not exist on 'author_id'.">'.
src/app/[locale]/dashboard/community/[id]/page.tsx(87,49): error TS2769: No overload matches this call.
  Overload 1 of 4, '(value: string | number | Date): Date', gave the following error.
    Argument of type 'string | null' is not assignable to parameter of type 'string | number | Date'.
      Type 'null' is not assignable to type 'string | number | Date'.
  Overload 2 of 4, '(value: string | number): Date', gave the following error.
    Argument of type 'string | null' is not assignable to parameter of type 'string | number'.
      Type 'null' is not assignable to type 'string | number'.
src/app/[locale]/dashboard/community/page.tsx(45,53): error TS2769: No overload matches this call.
  Overload 1 of 4, '(value: string | number | Date): Date', gave the following error.
    Argument of type 'string | null' is not assignable to parameter of type 'string | number | Date'.
      Type 'null' is not assignable to type 'string | number | Date'.
  Overload 2 of 4, '(value: string | number): Date', gave the following error.
    Argument of type 'string | null' is not assignable to parameter of type 'string | number'.
      Type 'null' is not assignable to type 'string | number'.
src/app/[locale]/dashboard/community/page.tsx(54,39): error TS2339: Property 'avatar_url' does not exist on type 'SelectQueryError<"column 'avatar_url' does not exist on 'author_id'.">'.
src/app/[locale]/dashboard/community/page.tsx(56,49): error TS2339: Property 'avatar_url' does not exist on type 'SelectQueryError<"column 'avatar_url' does not exist on 'author_id'.">'.
src/app/[locale]/dashboard/community/page.tsx(58,40): error TS2339: Property 'name' does not exist on type 'SelectQueryError<"column 'avatar_url' does not exist on 'author_id'.">'.
src/app/[locale]/dashboard/community/page.tsx(61,43): error TS2339: Property 'name' does not exist on type 'SelectQueryError<"column 'avatar_url' does not exist on 'author_id'.">'.
src/app/[locale]/dashboard/community/page.tsx(64,101): error TS2339: Property 'likes_count' does not exist on type '{ author_id: string | null; category: string | null; content: string; created_at: string | null; id: string; likes: number | null; title: string; updated_at: string | null; author: SelectQueryError<...> | null; comments: { ...; }[]; }'.
src/app/[locale]/dashboard/jobs/[id]/page.tsx(34,22): error TS2345: Argument of type 'string | undefined' is not assignable to parameter of type 'string'.
  Type 'undefined' is not assignable to type 'string'.
src/app/[locale]/dashboard/jobs/[id]/page.tsx(68,91): error TS2339: Property 'proposed_amount' does not exist on type '{ amount: number; booking_id: string | null; cover_letter: string | null; created_at: string | null; id: string; status: string | null; tasker_id: string | null; }'.
src/app/[locale]/dashboard/jobs/[id]/page.tsx(69,68): error TS2339: Property 'proposal_text' does not exist on type '{ amount: number; booking_id: string | null; cover_letter: string | null; created_at: string | null; id: string; status: string | null; tasker_id: string | null; }'.
src/app/[locale]/dashboard/jobs/page.tsx(40,21): error TS2322: Type '{ address: string | null; category_id: string | null; client_id: string | null; client_name: string | null; completed_at: string | null; completion_photo_urls: string[] | null; ... 17 more ...; profiles: SelectQueryError<...> | null; }[]' is not assignable to type 'Booking[]'.
  Type '{ address: string | null; category_id: string | null; client_id: string | null; client_name: string | null; completed_at: string | null; completion_photo_urls: string[] | null; ... 17 more ...; profiles: SelectQueryError<...> | null; }' is not assignable to type 'Booking'.
    Types of property 'client_id' are incompatible.
      Type 'string | null' is not assignable to type 'string'.
        Type 'null' is not assignable to type 'string'.
src/app/[locale]/dashboard/layout.tsx(68,87): error TS2322: Type 'string | null | undefined' is not assignable to type 'string | undefined'.
  Type 'null' is not assignable to type 'string | undefined'.
src/app/[locale]/dashboard/notifications/page.tsx(59,30): error TS2339: Property 'id' does not exist on type 'SelectQueryError<"column 'language' does not exist on 'profiles'.">'.
src/app/[locale]/dashboard/services/page.tsx(36,44): error TS2339: Property 'name' does not exist on type '{ active: boolean | null; created_at: string | null; description_en: string | null; description_ur: string | null; icon: string | null; id: string; name_en: string; name_ur: string; sort_order: number | null; updated_at: string | null; }'.
src/app/[locale]/dashboard/services/page.tsx(42,31): error TS2551: Property 'description' does not exist on type '{ active: boolean | null; created_at: string | null; description_en: string | null; description_ur: string | null; icon: string | null; id: string; name_en: string; name_ur: string; sort_order: number | null; updated_at: string | null; }'. Did you mean 'description_en'?
src/app/[locale]/dashboard/settings/page.tsx(59,35): error TS18047: 'a.day_of_week' is possibly 'null'.
src/app/[locale]/dashboard/settings/page.tsx(59,75): error TS18047: 'a.day_of_week' is possibly 'null'.
src/app/[locale]/dashboard/subscription/page.tsx(71,54): error TS2769: No overload matches this call.
  Overload 1 of 4, '(value: string | number | Date): Date', gave the following error.
    Argument of type 'string | null' is not assignable to parameter of type 'string | number | Date'.
      Type 'null' is not assignable to type 'string | number | Date'.
  Overload 2 of 4, '(value: string | number): Date', gave the following error.
    Argument of type 'string | null' is not assignable to parameter of type 'string | number'.
      Type 'null' is not assignable to type 'string | number'.
src/app/[locale]/dashboard/wallet/page.tsx(49,97): error TS2339: Property 'total_uses' does not exist on type '{ code: string; created_at: string | null; id: string; profile_id: string | null; usage_count: number | null; }'.
src/app/[locale]/dashboard/wallet/page.tsx(58,31): error TS2322: Type '{ amount: number; created_at: string | null; created_by: string | null; description: string | null; id: string; profile_id: string | null; reason: string; related_booking_id: string | null; related_payout_id: string | null; type: string; }[]' is not assignable to type 'Transaction[]'.
  Type '{ amount: number; created_at: string | null; created_by: string | null; description: string | null; id: string; profile_id: string | null; reason: string; related_booking_id: string | null; related_payout_id: string | null; type: string; }' is not assignable to type 'Transaction'.
    Types of property 'created_at' are incompatible.
      Type 'string | null' is not assignable to type 'string'.
        Type 'null' is not assignable to type 'string'.
src/app/[locale]/suspended/page.tsx(33,19): error TS2345: Argument of type 'string | null' is not assignable to parameter of type 'SetStateAction<string>'.
  Type 'null' is not assignable to type 'SetStateAction<string>'.
src/app/[locale]/tasker/[id]/page.tsx(27,17): error TS2345: Argument of type 'string | null' is not assignable to parameter of type 'string'.
  Type 'null' is not assignable to type 'string'.
src/app/[locale]/tasker/[id]/page.tsx(57,17): error TS2345: Argument of type 'string | null' is not assignable to parameter of type 'string'.
  Type 'null' is not assignable to type 'string'.
src/app/[locale]/tasker/[id]/page.tsx(70,22): error TS2345: Argument of type 'string | null | undefined' is not assignable to parameter of type 'string'.
  Type 'undefined' is not assignable to type 'string'.
src/app/[locale]/tasker/[id]/page.tsx(76,22): error TS2345: Argument of type 'string | null | undefined' is not assignable to parameter of type 'string'.
  Type 'undefined' is not assignable to type 'string'.
src/app/[locale]/tasker/[id]/page.tsx(122,27): error TS2339: Property 'badges' does not exist on type '{ profiles: any; active: boolean | null; categories: string[] | null; city: string | null; completed_tasks: number | null; created_at: string | null; elite: boolean | null; fixed_rate: number | null; ... 10 more ...; updated_at: string | null; }'.
src/app/[locale]/tasker/[id]/page.tsx(127,35): error TS2322: Type 'string | null' is not assignable to type 'string'.
  Type 'null' is not assignable to type 'string'.
src/app/[locale]/tasker/[id]/page.tsx(149,44): error TS2345: Argument of type 'string' is not assignable to parameter of type 'PricingMode'.
src/app/[locale]/tasker/[id]/page.tsx(180,47): error TS2339: Property 'verified_skills' does not exist on type '{ profiles: any; active: boolean | null; categories: string[] | null; city: string | null; completed_tasks: number | null; created_at: string | null; elite: boolean | null; fixed_rate: number | null; ... 10 more ...; updated_at: string | null; }'.
src/app/[locale]/tasker/[id]/page.tsx(239,29): error TS2322: Type 'string | null' is not assignable to type 'string'.
  Type 'null' is not assignable to type 'string'.
src/app/api/admin/impersonate/route.ts(18,20): error TS2345: Argument of type 'string | undefined' is not assignable to parameter of type 'string'.
  Type 'undefined' is not assignable to type 'string'.
src/components/booking/bid-list.tsx(28,25): error TS2345: Argument of type '{ amount: number; booking_id: string | null; cover_letter: string | null; created_at: string | null; id: string; status: string | null; tasker_id: string | null; profiles: SelectQueryError<"column 'avatar_url' does not exist on 'profiles'."> | null; }[]' is not assignable to parameter of type 'SetStateAction<JobBid[]>'.
  Type '{ amount: number; booking_id: string | null; cover_letter: string | null; created_at: string | null; id: string; status: string | null; tasker_id: string | null; profiles: SelectQueryError<"column 'avatar_url' does not exist on 'profiles'."> | null; }[]' is not assignable to type 'JobBid[]'.
    Type '{ amount: number; booking_id: string | null; cover_letter: string | null; created_at: string | null; id: string; status: string | null; tasker_id: string | null; profiles: SelectQueryError<"column 'avatar_url' does not exist on 'profiles'."> | null; }' is not assignable to type 'JobBid'.
      Types of property 'booking_id' are incompatible.
        Type 'string | null' is not assignable to type 'string'.
          Type 'null' is not assignable to type 'string'.
src/components/booking/booking-form.tsx(90,15): error TS2769: No overload matches this call.
  Overload 1 of 2, '(values: RejectExcessProperties<{ address?: string | null | undefined; category_id?: string | null | undefined; client_id?: string | null | undefined; client_name?: string | null | undefined; completed_at?: string | null | undefined; ... 17 more ...; updated_at?: string | ... 1 more ... | undefined; }, { ...; }>, options?: { ...; } | undefined): PostgrestFilterBuilder<...>', gave the following error.
    Argument of type '{ client_id: string; category_id: string; tasker_id: string | null; description: string; address: string; scheduled_at: string; estimated_hours: number; pricing_mode: PricingMode; recurrence_pattern: string; status: string; }' is not assignable to parameter of type 'RejectExcessProperties<{ address?: string | null | undefined; category_id?: string | null | undefined; client_id?: string | null | undefined; client_name?: string | null | undefined; completed_at?: string | null | undefined; ... 17 more ...; updated_at?: string | ... 1 more ... | undefined; }, { ...; }>'.
      Type '{ client_id: string; category_id: string; tasker_id: string | null; description: string; address: string; scheduled_at: string; estimated_hours: number; pricing_mode: PricingMode; recurrence_pattern: string; status: string; }' is not assignable to type '{ address?: string | null | undefined; category_id?: string | null | undefined; client_id?: string | null | undefined; client_name?: string | null | undefined; completed_at?: string | null | undefined; ... 17 more ...; updated_at?: string | ... 1 more ... | undefined; }'.
        Types of property 'status' are incompatible.
          Type 'string' is not assignable to type '"pending" | "confirmed" | "in_progress" | "completed" | "cancelled" | "accepted" | null | undefined'.
  Overload 2 of 2, '(values: RejectExcessProperties<{ address?: string | null | undefined; category_id?: string | null | undefined; client_id?: string | null | undefined; client_name?: string | null | undefined; completed_at?: string | null | undefined; ... 17 more ...; updated_at?: string | ... 1 more ... | undefined; }, { ...; }>[], options?: { ...; } | undefined): PostgrestFilterBuilder<...>', gave the following error.
    Argument of type '{ client_id: string; category_id: string; tasker_id: string | null; description: string; address: string; scheduled_at: string; estimated_hours: number; pricing_mode: PricingMode; recurrence_pattern: string; status: string; }' is not assignable to parameter of type 'RejectExcessProperties<{ address?: string | null | undefined; category_id?: string | null | undefined; client_id?: string | null | undefined; client_name?: string | null | undefined; completed_at?: string | null | undefined; ... 17 more ...; updated_at?: string | ... 1 more ... | undefined; }, { ...; }>[]'.
      Type '{ client_id: string; category_id: string; tasker_id: string | null; description: string; address: string; scheduled_at: string; estimated_hours: number; pricing_mode: PricingMode; recurrence_pattern: string; status: string; }' is missing the following properties from type 'RejectExcessProperties<{ address?: string | null | undefined; category_id?: string | null | undefined; client_id?: string | null | undefined; client_name?: string | null | undefined; completed_at?: string | null | undefined; ... 17 more ...; updated_at?: string | ... 1 more ... | undefined; }, { ...; }>[]': length, pop, push, concat, and 35 more.
src/components/community/referral-leaderboard.tsx(30,45): error TS2339: Property 'profile_id' does not exist on type 'SelectQueryError<"column 'total_uses' does not exist on 'referral_codes'.">'.
src/components/community/referral-leaderboard.tsx(39,9): error TS2698: Spread types may only be created from object types.
src/components/community/referral-leaderboard.tsx(40,36): error TS2339: Property 'profile_id' does not exist on type 'SelectQueryError<"column 'total_uses' does not exist on 'referral_codes'.">'.
src/components/messages/chat-interface.tsx(51,21): error TS2345: Argument of type '{ attachment_url: string | null; booking_id: string | null; content: string; created_at: string | null; id: string; is_read: boolean | null; receiver_id: string | null; sender_id: string | null; profiles: SelectQueryError<...>; }[]' is not assignable to parameter of type 'SetStateAction<Message[]>'.
  Type '{ attachment_url: string | null; booking_id: string | null; content: string; created_at: string | null; id: string; is_read: boolean | null; receiver_id: string | null; sender_id: string | null; profiles: SelectQueryError<...>; }[]' is not assignable to type 'Message[]'.
    Property 'read' is missing in type '{ attachment_url: string | null; booking_id: string | null; content: string; created_at: string | null; id: string; is_read: boolean | null; receiver_id: string | null; sender_id: string | null; profiles: SelectQueryError<...>; }' but required in type 'Message'.
src/components/messages/chat-interface.tsx(78,23): error TS2345: Argument of type '(prev: Message[]) => (Message | { profiles: SelectQueryError<"column 'avatar_url' does not exist on 'profiles'."> | undefined; id: string; ... 5 more ...; created_at: string; })[]' is not assignable to parameter of type 'SetStateAction<Message[]>'.
  Type '(prev: Message[]) => (Message | { profiles: SelectQueryError<"column 'avatar_url' does not exist on 'profiles'."> | undefined; id: string; ... 5 more ...; created_at: string; })[]' is not assignable to type '(prevState: Message[]) => Message[]'.
    Type '(Message | { profiles: SelectQueryError<"column 'avatar_url' does not exist on 'profiles'."> | undefined; id: string; booking_id: string; sender_id: string; content?: string | undefined; attachment_url?: string | undefined; read: boolean; created_at: string; })[]' is not assignable to type 'Message[]'.
      Type 'Message | { profiles: SelectQueryError<"column 'avatar_url' does not exist on 'profiles'."> | undefined; id: string; booking_id: string; sender_id: string; content?: string | undefined; attachment_url?: string | undefined; read: boolean; created_at: string; }' is not assignable to type 'Message'.
        Type '{ profiles: SelectQueryError<"column 'avatar_url' does not exist on 'profiles'."> | undefined; id: string; booking_id: string; sender_id: string; content?: string; attachment_url?: string; read: boolean; created_at: string; }' is not assignable to type 'Message'.
          Types of property 'profiles' are incompatible.
            Type 'SelectQueryError<"column 'avatar_url' does not exist on 'profiles'."> | undefined' is not assignable to type '{ name: string; avatar_url?: string | undefined; } | undefined'.
              Type 'SelectQueryError<"column 'avatar_url' does not exist on 'profiles'.">' is not assignable to type '{ name: string; avatar_url?: string | undefined; } | undefined'.
src/components/messages/chat-interface.tsx(110,15): error TS2769: No overload matches this call.
  Overload 1 of 2, '(values: RejectExcessProperties<{ attachment_url?: string | null | undefined; booking_id?: string | null | undefined; content: string; created_at?: string | null | undefined; id?: string | undefined; is_read?: boolean | ... 1 more ... | undefined; receiver_id?: string | ... 1 more ... | undefined; sender_id?: string | ... 1 more ... | undefined; }, { ...; }>, options?: { ...; } | undefined): PostgrestFilterBuilder<...>', gave the following error.
    Argument of type '{ booking_id: string; sender_id: string; content: string | null; }' is not assignable to parameter of type 'RejectExcessProperties<{ attachment_url?: string | null | undefined; booking_id?: string | null | undefined; content: string; created_at?: string | null | undefined; id?: string | undefined; is_read?: boolean | null | undefined; receiver_id?: string | ... 1 more ... | undefined; sender_id?: string | ... 1 more ... |...'.
      Type '{ booking_id: string; sender_id: string; content: string | null; }' is not assignable to type '{ attachment_url?: string | null | undefined; booking_id?: string | null | undefined; content: string; created_at?: string | null | undefined; id?: string | undefined; is_read?: boolean | null | undefined; receiver_id?: string | ... 1 more ... | undefined; sender_id?: string | ... 1 more ... | undefined; }'.
        Types of property 'content' are incompatible.
          Type 'string | null' is not assignable to type 'string'.
            Type 'null' is not assignable to type 'string'.
  Overload 2 of 2, '(values: RejectExcessProperties<{ attachment_url?: string | null | undefined; booking_id?: string | null | undefined; content: string; created_at?: string | null | undefined; id?: string | undefined; is_read?: boolean | ... 1 more ... | undefined; receiver_id?: string | ... 1 more ... | undefined; sender_id?: string | ... 1 more ... | undefined; }, { ...; }>[], options?: { ...; } | undefined): PostgrestFilterBuilder<...>', gave the following error.
    Argument of type '{ booking_id: string; sender_id: string; content: string | null; }' is not assignable to parameter of type 'RejectExcessProperties<{ attachment_url?: string | null | undefined; booking_id?: string | null | undefined; content: string; created_at?: string | null | undefined; id?: string | undefined; is_read?: boolean | null | undefined; receiver_id?: string | ... 1 more ... | undefined; sender_id?: string | ... 1 more ... |...'.
      Type '{ booking_id: string; sender_id: string; content: string | null; }' is missing the following properties from type 'RejectExcessProperties<{ attachment_url?: string | null | undefined; booking_id?: string | null | undefined; content: string; created_at?: string | null | undefined; id?: string | undefined; is_read?: boolean | null | undefined; receiver_id?: string | ... 1 more ... | undefined; sender_id?: string | ... 1 more ... |...': length, pop, push, concat, and 35 more.
src/components/messages/chat-interface.tsx(160,62): error TS2769: No overload matches this call.
  Overload 1 of 2, '(values: RejectExcessProperties<{ attachment_url?: string | null | undefined; booking_id?: string | null | undefined; content: string; created_at?: string | null | undefined; id?: string | undefined; is_read?: boolean | ... 1 more ... | undefined; receiver_id?: string | ... 1 more ... | undefined; sender_id?: string | ... 1 more ... | undefined; }, { ...; }>, options?: { ...; } | undefined): PostgrestFilterBuilder<...>', gave the following error.
    Argument of type '{ booking_id: string; sender_id: string; attachment_url: string; }' is not assignable to parameter of type 'RejectExcessProperties<{ attachment_url?: string | null | undefined; booking_id?: string | null | undefined; content: string; created_at?: string | null | undefined; id?: string | undefined; is_read?: boolean | null | undefined; receiver_id?: string | ... 1 more ... | undefined; sender_id?: string | ... 1 more ... |...'.
      Property 'content' is missing in type '{ booking_id: string; sender_id: string; attachment_url: string; }' but required in type '{ attachment_url?: string | null | undefined; booking_id?: string | null | undefined; content: string; created_at?: string | null | undefined; id?: string | undefined; is_read?: boolean | null | undefined; receiver_id?: string | ... 1 more ... | undefined; sender_id?: string | ... 1 more ... | undefined; }'.
  Overload 2 of 2, '(values: RejectExcessProperties<{ attachment_url?: string | null | undefined; booking_id?: string | null | undefined; content: string; created_at?: string | null | undefined; id?: string | undefined; is_read?: boolean | ... 1 more ... | undefined; receiver_id?: string | ... 1 more ... | undefined; sender_id?: string | ... 1 more ... | undefined; }, { ...; }>[], options?: { ...; } | undefined): PostgrestFilterBuilder<...>', gave the following error.
    Argument of type '{ booking_id: string; sender_id: string; attachment_url: string; }' is not assignable to parameter of type 'RejectExcessProperties<{ attachment_url?: string | null | undefined; booking_id?: string | null | undefined; content: string; created_at?: string | null | undefined; id?: string | undefined; is_read?: boolean | null | undefined; receiver_id?: string | ... 1 more ... | undefined; sender_id?: string | ... 1 more ... |...'.
      Type '{ booking_id: string; sender_id: string; attachment_url: string; }' is missing the following properties from type 'RejectExcessProperties<{ attachment_url?: string | null | undefined; booking_id?: string | null | undefined; content: string; created_at?: string | null | undefined; id?: string | undefined; is_read?: boolean | null | undefined; receiver_id?: string | ... 1 more ... | undefined; sender_id?: string | ... 1 more ... |...': length, pop, push, concat, and 35 more.
src/components/profile/onboarding-wizard.tsx(146,17): error TS2769: No overload matches this call.
  Overload 1 of 2, '(values: RejectExcessProperties<{ auth_id: string; avatar?: string | null | undefined; bio?: string | null | undefined; certificate_url?: string | null | undefined; city?: string | null | undefined; cnic_back_url?: string | ... 1 more ... | undefined; ... 18 more ...; wallet_balance?: number | ... 1 more ... | undefined; }, { ...; }>, options?: { ...; } | undefined): PostgrestFilterBuilder<...>', gave the following error.
    Argument of type '{ updated_at: Date; cnic_url?: any; cnic_back_url?: any; cnic_status?: string | undefined; certificate_url?: any; auth_id: any; phone: any; location: any; bio: any; }' is not assignable to parameter of type 'RejectExcessProperties<{ auth_id: string; avatar?: string | null | undefined; bio?: string | null | undefined; certificate_url?: string | null | undefined; city?: string | null | undefined; cnic_back_url?: string | ... 1 more ... | undefined; ... 18 more ...; wallet_balance?: number | ... 1 more ... | undefined; }, ...'.
      Type '{ updated_at: Date; cnic_url?: any; cnic_back_url?: any; cnic_status?: string | undefined; certificate_url?: any; auth_id: any; phone: any; location: any; bio: any; }' is not assignable to type '{ auth_id: string; avatar?: string | null | undefined; bio?: string | null | undefined; certificate_url?: string | null | undefined; city?: string | null | undefined; cnic_back_url?: string | null | undefined; ... 18 more ...; wallet_balance?: number | ... 1 more ... | undefined; }'.
        Types of property 'cnic_status' are incompatible.
          Type 'string | undefined' is not assignable to type '"pending" | "rejected" | "approved" | null | undefined'.
            Type 'string' is not assignable to type '"pending" | "rejected" | "approved" | null | undefined'.
  Overload 2 of 2, '(values: RejectExcessProperties<{ auth_id: string; avatar?: string | null | undefined; bio?: string | null | undefined; certificate_url?: string | null | undefined; city?: string | null | undefined; cnic_back_url?: string | ... 1 more ... | undefined; ... 18 more ...; wallet_balance?: number | ... 1 more ... | undefined; }, { ...; }>[], options?: { ...; } | undefined): PostgrestFilterBuilder<...>', gave the following error.
    Argument of type '{ updated_at: Date; cnic_url?: any; cnic_back_url?: any; cnic_status?: string | undefined; certificate_url?: any; auth_id: any; phone: any; location: any; bio: any; }' is not assignable to parameter of type 'RejectExcessProperties<{ auth_id: string; avatar?: string | null | undefined; bio?: string | null | undefined; certificate_url?: string | null | undefined; city?: string | null | undefined; cnic_back_url?: string | ... 1 more ... | undefined; ... 18 more ...; wallet_balance?: number | ... 1 more ... | undefined; }, ...'.
      Type '{ updated_at: Date; cnic_url?: any; cnic_back_url?: any; cnic_status?: string | undefined; certificate_url?: any; auth_id: any; phone: any; location: any; bio: any; }' is missing the following properties from type 'RejectExcessProperties<{ auth_id: string; avatar?: string | null | undefined; bio?: string | null | undefined; certificate_url?: string | null | undefined; city?: string | null | undefined; cnic_back_url?: string | ... 1 more ... | undefined; ... 18 more ...; wallet_balance?: number | ... 1 more ... | undefined; }, ...': length, pop, push, concat, and 35 more.
src/components/profile/portfolio-manager.tsx(31,24): error TS2345: Argument of type '{ created_at: string | null; description: string | null; id: string; image_url: string; tasker_id: string | null; title: string | null; }[]' is not assignable to parameter of type 'SetStateAction<PortfolioItem[]>'.
  Type '{ created_at: string | null; description: string | null; id: string; image_url: string; tasker_id: string | null; title: string | null; }[]' is not assignable to type 'PortfolioItem[]'.
    Type '{ created_at: string | null; description: string | null; id: string; image_url: string; tasker_id: string | null; title: string | null; }' is not assignable to type 'PortfolioItem'.
      Types of property 'description' are incompatible.
        Type 'string | null' is not assignable to type 'string'.
          Type 'null' is not assignable to type 'string'.
src/components/profile/profile-form.tsx(59,15): error TS2769: No overload matches this call.
  Overload 1 of 2, '(values: RejectExcessProperties<{ auth_id: string; avatar?: string | null | undefined; bio?: string | null | undefined; certificate_url?: string | null | undefined; city?: string | null | undefined; cnic_back_url?: string | ... 1 more ... | undefined; ... 18 more ...; wallet_balance?: number | ... 1 more ... | undefined; }, { ...; }>, options?: { ...; } | undefined): PostgrestFilterBuilder<...>', gave the following error.
    Argument of type '{ auth_id: string; name: string; phone: string; location: string; bio: string; updated_at: Date; }' is not assignable to parameter of type 'RejectExcessProperties<{ auth_id: string; avatar?: string | null | undefined; bio?: string | null | undefined; certificate_url?: string | null | undefined; city?: string | null | undefined; cnic_back_url?: string | ... 1 more ... | undefined; ... 18 more ...; wallet_balance?: number | ... 1 more ... | undefined; }, ...'.
      Type '{ auth_id: string; name: string; phone: string; location: string; bio: string; updated_at: Date; }' is not assignable to type '{ auth_id: string; avatar?: string | null | undefined; bio?: string | null | undefined; certificate_url?: string | null | undefined; city?: string | null | undefined; cnic_back_url?: string | null | undefined; ... 18 more ...; wallet_balance?: number | ... 1 more ... | undefined; }'.
        Types of property 'updated_at' are incompatible.
          Type 'Date' is not assignable to type 'string'.
  Overload 2 of 2, '(values: RejectExcessProperties<{ auth_id: string; avatar?: string | null | undefined; bio?: string | null | undefined; certificate_url?: string | null | undefined; city?: string | null | undefined; cnic_back_url?: string | ... 1 more ... | undefined; ... 18 more ...; wallet_balance?: number | ... 1 more ... | undefined; }, { ...; }>[], options?: { ...; } | undefined): PostgrestFilterBuilder<...>', gave the following error.
    Argument of type '{ auth_id: string; name: string; phone: string; location: string; bio: string; updated_at: Date; }' is not assignable to parameter of type 'RejectExcessProperties<{ auth_id: string; avatar?: string | null | undefined; bio?: string | null | undefined; certificate_url?: string | null | undefined; city?: string | null | undefined; cnic_back_url?: string | ... 1 more ... | undefined; ... 18 more ...; wallet_balance?: number | ... 1 more ... | undefined; }, ...'.
      Type '{ auth_id: string; name: string; phone: string; location: string; bio: string; updated_at: Date; }' is missing the following properties from type 'RejectExcessProperties<{ auth_id: string; avatar?: string | null | undefined; bio?: string | null | undefined; certificate_url?: string | null | undefined; city?: string | null | undefined; cnic_back_url?: string | ... 1 more ... | undefined; ... 18 more ...; wallet_balance?: number | ... 1 more ... | undefined; }, ...': length, pop, push, concat, and 35 more.
src/components/reviews/review-list.tsx(28,28): error TS2345: Argument of type '{ booking_id: string | null; comment: string | null; communication_rating: number | null; created_at: string | null; id: string; quality_rating: number | null; rating: number; reliability_rating: number | null; ... 4 more ...; profiles: SelectQueryError<...>; }[]' is not assignable to parameter of type 'SetStateAction<Review[]>'.
  Type '{ booking_id: string | null; comment: string | null; communication_rating: number | null; created_at: string | null; id: string; quality_rating: number | null; rating: number; reliability_rating: number | null; ... 4 more ...; profiles: SelectQueryError<...>; }[]' is not assignable to type 'Review[]'.
    Type '{ booking_id: string | null; comment: string | null; communication_rating: number | null; created_at: string | null; id: string; quality_rating: number | null; rating: number; reliability_rating: number | null; ... 4 more ...; profiles: SelectQueryError<...>; }' is missing the following properties from type 'Review': client_id, text
src/components/wallet/payout-requests-card.tsx(53,18): error TS2345: Argument of type '{ account_details: Json; admin_notes: string | null; amount: number; id: string; method: string | null; requested_at: string | null; resolved_at: string | null; resolved_by: string | null; status: string | null; tasker_id: string | null; }[]' is not assignable to parameter of type 'SetStateAction<PayoutRequest[]>'.
  Type '{ account_details: Json; admin_notes: string | null; amount: number; id: string; method: string | null; requested_at: string | null; resolved_at: string | null; resolved_by: string | null; status: string | null; tasker_id: string | null; }[]' is not assignable to type 'PayoutRequest[]'.
    Type '{ account_details: Json; admin_notes: string | null; amount: number; id: string; method: string | null; requested_at: string | null; resolved_at: string | null; resolved_by: string | null; status: string | null; tasker_id: string | null; }' is not assignable to type 'PayoutRequest'.
      Types of property 'status' are incompatible.
        Type 'string | null' is not assignable to type 'string'.
          Type 'null' is not assignable to type 'string'.
src/lib/supabase/server.ts(45,3): error TS2322: Type '(token?: string) => Promise<{ data: { user: User; }; error: null; } | { data: { user: null; }; error: AuthError; } | { data: { user: { id: string; email: string | null; user_metadata: { ...; }; ... 22 more ...; banned_until?: string; }; }; error: null; }>' is not assignable to type '(jwt?: string | undefined) => Promise<UserResponse>'.
  Type 'Promise<{ data: { user: User; }; error: null; } | { data: { user: null; }; error: AuthError; } | { data: { user: { id: string; email: string | null; user_metadata: { full_name: string | null; role: "client" | ... 1 more ... | "admin"; }; ... 22 more ...; banned_until?: string | undefined; }; }; error: null; }>' is not assignable to type 'Promise<UserResponse>'.
    Type '{ data: { user: User; }; error: null; } | { data: { user: null; }; error: AuthError; } | { data: { user: { id: string; email: string | null; user_metadata: { full_name: string | null; role: "client" | ... 1 more ... | "admin"; }; ... 22 more ...; banned_until?: string | undefined; }; }; error: null; }' is not assignable to type 'UserResponse'.
      Type '{ data: { user: { id: string; email: string | null; user_metadata: { full_name: string | null; role: "client" | "tasker" | "admin"; }; app_metadata: UserAppMetadata; ... 21 more ...; banned_until?: string; }; }; error: null; }' is not assignable to type 'UserResponse'.
        Type '{ data: { user: { id: string; email: string | null; user_metadata: { full_name: string | null; role: "client" | "tasker" | "admin"; }; app_metadata: UserAppMetadata; ... 21 more ...; banned_until?: string; }; }; error: null; }' is not assignable to type '{ data: { user: User; }; error: null; }'.
          The types of 'data.user.email' are incompatible between these types.
            Type 'string | null' is not assignable to type 'string | undefined'.
              Type 'null' is not assignable to type 'string | undefined'.
src/lib/supabase/server.ts(54,24): error TS2345: Argument of type 'string | undefined' is not assignable to parameter of type 'string'.
  Type 'undefined' is not assignable to type 'string'.
